# Maps the motherboard to kernel modules that are not auto-detected,
# in particular it sensor chip modules.
#
# Manufacturer                  , Product Name                   , modules
                                , CN700-8237R                    , w83627hf  # VIA EPIA EN (obtained from a VIA EPIA EN12000).
                                , CN900-8237R                    ,           # VIA EPIA CN (obtained from a VIA EPIA CN10000).
                                                                             # Does the vt1211 or w83627hf drivers work?
                                , EPIA-M                         , vt1211    # VIA EPIA M (obtained from a VIA EPIA ME6000)
  ASUSTeK Computer INC.         , A7N8X-E                        ,           # ASUS A7N8X-E (Version: REV 2.xx)
  ASUSTeK Computer INC.         , A8N-VM CSM                     , w83627ehf # ASUS A8N-VM CSM (Version: Rev 1.xx)
  ASUSTeK Computer INC.         , M2NPV-VM                       , it87      # ASUS M2NPV-VM (Version: 1.xx)
  Gigabyte Technology Co._ Ltd. , nVidia-nForce2                 ,           # Gigabyte GA-7N400 Pro
  Intel Corporation             , Montara System SV/CR Platforms , 
# COMMELL_LV_667                                                 , w83781d
# COMMELL_LV_675                                                 , w83627hf
# VIA_EPIA_M                                                     , vt1211
# VIA_EPIA_MII                                                   , vt1211
# VIA_EPIA_ML                                                    , vt1211
# VIA_EPIA_MS                                                    , vt1211
# VIA_EPIA_N                                                     , vt1211
# VIA_EPIA_PD                                                    , vt1211
# VIA_EPIA_SP                                                    , vt1211
# VIA_EPIA_TC                                                    , vt1211
