# Maps PCI bus information to a kernel module.
#
# classes:
#    0101: IDE
#    0200: Ethernet
#    0401: Audio
#    0403: Audio
#    0601: ISA bridge
#    0604: PCI bridge (assumed to imply AGP)
#    0c00: FireWire (IEEE 1394)
#    0c03: USB
#    0c05: SMBus
# vendors:
#    10de: NVIDIA
#    10ec: Realtek
#    1106: VIA
#    8086: Intel
#
# The first field ('class') is required.
#
# class , class_prog , vendor , device , kernel_module
  0101 ,             , 10de   ,        , amd74xx
  0101 ,             , 1106   ,        , via82cxxx
  0101 ,             , 8086   ,        , piix
# 0200 ,             , 10de   , 0066   , forcedeth
# 0200 ,             , 10ec   , 8139   , 8139too
# 0200 ,             , 1106   , 3053   , via-rhine
# 0200 ,             , 1106   , 3065   , via-rhine
# 0200 ,             , 1106   , 3106   , via-rhine
# 0200 ,             , 1106   , 3119   , via-velocity
  0401 ,             , 10de   , 006a   , snd-intel8x0
  0401 ,             , 1106   , 3059   , snd-via82xx
  0401 ,             , 8086   , 24c5   , snd-intel8x0
  0403 ,             , 10de   , 026c   , snd-hda-intel
  0601 ,             , 1106   , 3177   , i2c-viapro
  0601 ,             , 1106   , 3227   , i2c-viapro
  0604 ,             , 10de   ,        , nvidia-agp
  0604 ,             , 1106   ,        , via-agp
  0604 ,             , 8086   ,        , intel-agp
  0c00 ,  00         ,        ,        , ieee1394
  0c00 ,  10         ,        ,        , ohci1394
  0c03 ,  00         ,        ,        , uhci-hcd
  0c03 ,  10         ,        ,        , ohci-hcd
  0c03 ,  20         ,        ,        , ehci-hcd
  0c05 ,             , 10de   , 0064   , i2c-nforce2
  0c05 ,             , 10de   , 0264   , i2c-nforce2
  0c05 ,             , 8086   , 24c3   , i2c-i801
