# Maps PCI device to an X video driver.
#
# classes:
#    0300: VGA
# vendors:
#    8086: Intel
#    10de: NVIDIA
#    1106: VIA
#
# The first three fields ('class', 'class_prog', and 'vendor') are required.
#
# class , class_prog , vendor , device , x_driver
# Intel
  0300  , 00         , 8086   , 1132   , intel_810  # drm/shared-core/drm_pciids.txt Intel i815 GMCH
  0300  , 00         , 8086   , 2562   , intel_915  # drm/shared-core/drm_pciids.txt Intel i845G GMCH
  0300  , 00         , 8086   , 2572   , intel_915  # drm/shared-core/drm_pciids.txt Intel i865G GMCH
  0300  , 00         , 8086   , 2582   , intel_915  # drm/shared-core/drm_pciids.txt Intel i915G
  0300  , 00         , 8086   , 258a   , intel_915  # xf86-video-i830/src/common.h PCI_CHIP_E7221_G
  0300  , 00         , 8086   , 2592   , intel_915  # drm/shared-core/drm_pciids.txt Intel i915GM
  0300  , 00         , 8086   , 2772   , intel_915  # drm/shared-core/drm_pciids.txt Intel i945G
  0300  , 00         , 8086   , 27a2   , intel_915  # drm/shared-core/drm_pciids.txt Intel i945GM
  0300  , 00         , 8086   , 3577   , intel_915  # drm/shared-core/drm_pciids.txt Intel i830M GMCH
  0300  , 00         , 8086   , 3582   , intel_915  # drm/shared-core/drm_pciids.txt Intel i852GM/i855GM GMCH
  0300  , 00         , 8086   , 7121   , intel_810  # drm/shared-core/drm_pciids.txt Intel i810 GMCH
  0300  , 00         , 8086   , 7123   , intel_810  # drm/shared-core/drm_pciids.txt Intel i810-DC100 GMCH
  0300  , 00         , 8086   , 7125   , intel_810  # drm/shared-core/drm_pciids.txt Intel i810E GMCH
# NVIDIA
  0300  , 00         , 10de   ,        , nvidia
# VIA
  0300  , 00         , 1106   , 3022   , via        # drm/shared-core/drm_pciids.txt VIA CLE266
  0300  , 00         , 1106   , 3108   , via        # drm/shared-core/drm_pciids.txt VIA K8M800, but could be via_pro
  0300  , 00         , 1106   , 3118   , via_pro    # drm/shared-core/drm_pciids.txt VIA CN400 / PM8X0
  0300  , 00         , 1106   , 3122   , via        # drm/shared-core/drm_pciids.txt VIA CLE266
  0300  , 00         , 1106   , 7205   , via        # drm/shared-core/drm_pciids.txt VIA KM400, but could be via_pro
  0300  , 00         , 1106   , 3344   , via_pro    # drm/shared-core/drm_pciids.txt VIA P4VM800PRO
  0300  , 00         , 1106   , 3157   , via        # VIA CX700M2
# VMware
  0300  , 00         , 15ad   , 0405   , vmware
