# Maps PCI device to an audio card number and an audio device number.
#
# classes:
#    0401: Multimedia audio controller
#    0403: Audio device
# vendors:
#    1043: ASUS
#    8086: Intel
#    10de: NVIDIA
#    1106: VIA
#
# The first four fields ('class', 'class_prog', 'vendor' and 'device') are required.
#
# class , class_prog , vendor , device , subvendor , subdevice , revision , card , device
# Intel
  0403  , 00         , 8086   , 284b   , 8086      , 2503      , 02       ,      ,        # Intel DG965OT
# NVIDIA
  0401  , 00         , 10de   , 006b   , 1043      , 0c11      , a2       , 0    , 2      # ASUS A7N8X-E
# 0401  , 00         , 10de   , 006a   , 1043      , 8095      , a1       , 0    , 2      # ASUS A7N8X-E
  0403  , 00         , 10de   , 026c   , 10de      , cb84      , a2       , 0    , 0      # ASUS A8N-VM CSM
# VIA
  0401  , 00         , 1106   , 3059   , 1106      , aa01      , 50       , 0    , 0      # VIA EPIA PD10000 and VIA EPIA ME6000
  0401  , 00         , 1106   , 3059   , 1106      , aa01      , 60       , 0    , 0      # VIA EPIA SP8000E
  0401  , 00         , 1412   , 1724   , 1412      , 1724      , 01       ,      ,        # Albatron PX865PE
01:06.0 "0401" "1412" "1724" -r01 "1412" "1724"
